this is first git demo.



shreya_acharya@NG-JAVA-6 MINGW64 ~
$ cd H:/gitdemo

shreya_acharya@NG-JAVA-6 MINGW64 /h/gitdemo
$ ls
file1.txt

shreya_acharya@NG-JAVA-6 MINGW64 /h/gitdemo
$ pwd
/h/gitdemo

shreya_acharya@NG-JAVA-6 MINGW64 /h/gitdemo
$ git config --global user.name "shreya acharya"

shreya_acharya@NG-JAVA-6 MINGW64 /h/gitdemo
$ git config --global user.email "shreya_acharya@persistent.com"

shreya_acharya@NG-JAVA-6 MINGW64 /h/gitdemo
$ git config user.name
shreya acharya

shreya_acharya@NG-JAVA-6 MINGW64 /h/gitdemo
$ git config user.email
shreya_acharya@persistent.com

shreya_acharya@NG-JAVA-6 MINGW64 /h/gitdemo
$ git config --list
core.symlinks=false
core.autocrlf=true
core.fscache=true
color.diff=auto
color.status=auto
color.branch=auto
color.interactive=true
help.format=html
http.sslcainfo=C:/Program Files/Git/mingw64/ssl/certs/ca-bundle.crt
diff.astextplain.textconv=astextplain
rebase.autosquash=true
user.name=shreya acharya
user.email=shreya_acharya@persistent.com

shreya_acharya@NG-JAVA-6 MINGW64 /h/gitdemo
$ git config --global core.editor "notepad"

shreya_acharya@NG-JAVA-6 MINGW64 /h/gitdemo
$ git config --list
core.symlinks=false
core.autocrlf=true
core.fscache=true
color.diff=auto
color.status=auto
color.branch=auto
color.interactive=true
help.format=html
http.sslcainfo=C:/Program Files/Git/mingw64/ssl/certs/ca-bundle.crt
diff.astextplain.textconv=astextplain
rebase.autosquash=true
user.name=shreya acharya
user.email=shreya_acharya@persistent.com
core.editor=notepad



shreya_acharya@NG-JAVA-6 MINGW64 /h/gitdemo (master)
$ git init
Reinitialized existing Git repository in H:/gitdemo/.git/



shreya_acharya@NG-JAVA-6 MINGW64 /h/gitdemo (master)
$ git branch
* master

shreya_acharya@NG-JAVA-6 MINGW64 /h/gitdemo (master)
$ git branch abc123

shreya_acharya@NG-JAVA-6 MINGW64 /h/gitdemo (master)
$ git branch
  abc123
* master

shreya_acharya@NG-JAVA-6 MINGW64 /h/gitdemo (master)
$ git checkout abc123
M       file1.txt
Switched to branch 'abc123'

shreya_acharya@NG-JAVA-6 MINGW64 /h/gitdemo (abc123)
$

shreya_acharya@NG-JAVA-6 MINGW64 /h/gitdemo (master)
$ git branch
* master

shreya_acharya@NG-JAVA-6 MINGW64 /h/gitdemo (master)
$ git branch abc123

shreya_acharya@NG-JAVA-6 MINGW64 /h/gitdemo (master)
$ git branch
  abc123
* master

shreya_acharya@NG-JAVA-6 MINGW64 /h/gitdemo (master)
$ git checkout abc123
M       file1.txt
Switched to branch 'abc123'

shreya_acharya@NG-JAVA-6 MINGW64 /h/gitdemo (abc123)
$ git status
On branch abc123
Changes not staged for commit:
  (use "git add <file>..." to update what will be committed)
  (use "git checkout -- <file>..." to discard changes in working directory)

        modified:   file1.txt

no changes added to commit (use "git add" and/or "git commit -a")

shreya_acharya@NG-JAVA-6 MINGW64 /h/gitdemo (abc123)
$ git commit -am "added more"
[abc123 57cdbee] added more
 1 file changed, 159 insertions(+)

shreya_acharya@NG-JAVA-6 MINGW64 /h/gitdemo (abc123)
$ git status
On branch abc123
nothing to commit, working tree clean

shreya_acharya@NG-JAVA-6 MINGW64 /h/gitdemo (abc123)
$ git log --oneline
57cdbee added more
ec9c953 change 2 in file1.txt
8245671 change 1 in file1.txt
dd14a34 req:843756:- file1.txt is created hello git

shreya_acharya@NG-JAVA-6 MINGW64 /h/gitdemo (abc123)
$ git checkout master
Switched to branch 'master'

shreya_acharya@NG-JAVA-6 MINGW64 /h/gitdemo (master)
$ git log --oneline
ec9c953 change 2 in file1.txt
8245671 change 1 in file1.txt
dd14a34 req:843756:- file1.txt is created hello git

shreya_acharya@NG-JAVA-6 MINGW64 /h/gitdemo (master)
$ git merge abc123
Updating ec9c953..57cdbee
Fast-forward
 file1.txt | 159 ++++++++++++++++++++++++++++++++++++++++++++++++++++++++++++++
 1 file changed, 159 insertions(+)

shreya_acharya@NG-JAVA-6 MINGW64 /h/gitdemo (master)
$ git log --oneline
57cdbee added more
ec9c953 change 2 in file1.txt
8245671 change 1 in file1.txt
dd14a34 req:843756:- file1.txt is created hello git

shreya_acharya@NG-JAVA-6 MINGW64 /h/gitdemo (master)
$ git log --oneline --graph --decorate
* 57cdbee (HEAD -> master, abc123) added more
* ec9c953 change 2 in file1.txt
* 8245671 change 1 in file1.txt
* dd14a34 req:843756:- file1.txt is created hello git

shreya_acharya@NG-JAVA-6 MINGW64 /h/gitdemo (master)
$ git branch -d abc123
Deleted branch abc123 (was 57cdbee).

shreya_acharya@NG-JAVA-6 MINGW64 /h/gitdemo (master)
$ git branch
* master

shreya_acharya@NG-JAVA-6 MINGW64 /h/gitdemo (master)
$ git branch -d abc123
error: branch 'abc123' not found.

shreya_acharya@NG-JAVA-6 MINGW64 /h/gitdemo (master)
$ git branch -D abc123
error: branch 'abc123' not found.

shreya_acharya@NG-JAVA-6 MINGW64 /h/gitdemo (master)
$ git checkout -b idea
Switched to a new branch 'idea'


shreya_acharya@NG-JAVA-6 MINGW64 /h/gitdemo (master)
$ git add file1.txt

shreya_acharya@NG-JAVA-6 MINGW64 /h/gitdemo (master)
$ git status
On branch master

Initial commit

Changes to be committed:
  (use "git rm --cached <file>..." to unstage)

        new file:   file1.txt


shreya_acharya@NG-JAVA-6 MINGW64 /h/gitdemo (master)
$ git commit
unix2dos: converting file H:/gitdemo/.git/COMMIT_EDITMSG to DOS format...
dos2unix: converting file H:/gitdemo/.git/COMMIT_EDITMSG to Unix format...
Aborting commit due to empty commit message.

shreya_acharya@NG-JAVA-6 MINGW64 /h/gitdemo (master)
$ git commit -m "req:843756:- file1.txt is created hello git"
[master (root-commit) dd14a34] req:843756:- file1.txt is created hello git
 1 file changed, 93 insertions(+)
 create mode 100644 file1.txt

shreya_acharya@NG-JAVA-6 MINGW64 /h/gitdemo (master)
$ git status
On branch master
nothing to commit, working tree clean



shreya_acharya@NG-JAVA-6 MINGW64 /h/gitdemo (master)
$ git status
On branch master
nothing to commit, working tree clean

shreya_acharya@NG-JAVA-6 MINGW64 /h/gitdemo (master)
$ git status
On branch master
Changes not staged for commit:
  (use "git add <file>..." to update what will be committed)
  (use "git checkout -- <file>..." to discard changes in working directory)

        modified:   file1.txt

no changes added to commit (use "git add" and/or "git commit -a")

shreya_acharya@NG-JAVA-6 MINGW64 /h/gitdemo (master)
$ git add file1.txt

shreya_acharya@NG-JAVA-6 MINGW64 /h/gitdemo (master)
$ git status
On branch master
Changes to be committed:
  (use "git reset HEAD <file>..." to unstage)

        modified:   file1.txt


shreya_acharya@NG-JAVA-6 MINGW64 /h/gitdemo (master)
$ git commit -m "change 1 in file1.txt"
[master 8245671] change 1 in file1.txt
 1 file changed, 38 insertions(+)

shreya_acharya@NG-JAVA-6 MINGW64 /h/gitdemo (master)
$ git status
On branch master
nothing to commit, working tree clean



shreya_acharya@NG-JAVA-6 MINGW64 /h/gitdemo (master)
$ git add file1.txt

shreya_acharya@NG-JAVA-6 MINGW64 /h/gitdemo (master)
$ git status
On branch master
Changes to be committed:
  (use "git reset HEAD <file>..." to unstage)

        modified:   file1.txt


shreya_acharya@NG-JAVA-6 MINGW64 /h/gitdemo (master)
$ git commit -m "change 2 in file1.txt"
[master ec9c953] change 2 in file1.txt
 1 file changed, 38 insertions(+)

shreya_acharya@NG-JAVA-6 MINGW64 /h/gitdemo (master)
$ git status
On branch master
nothing to commit, working tree clean

shreya_acharya@NG-JAVA-6 MINGW64 /h/gitdemo (master)
$ git commit -am "change 2 in file1"
On branch master
nothing to commit, working tree clean

shreya_acharya@NG-JAVA-6 MINGW64 /h/gitdemo (master)
$ git status
On branch master
nothing to commit, working tree clean

shreya_acharya@NG-JAVA-6 MINGW64 /h/gitdemo (master)
$

shreya_acharya@NG-JAVA-6 MINGW64 /h/gitdemo (master)
$ git commit -am "change 3 in file1"
On branch master
nothing to commit, working tree clean

shreya_acharya@NG-JAVA-6 MINGW64 /h/gitdemo (master)
$ git status
On branch master
nothing to commit, working tree clean

shreya_acharya@NG-JAVA-6 MINGW64 /h/gitdemo (master)
$ git log
commit ec9c953f10d4339686ab6b139d74f50af2ad2be3
Author: shreya acharya <shreya_acharya@persistent.com>
Date:   Tue Feb 19 12:42:46 2019 +0530

    change 2 in file1.txt

commit 8245671e0ed9974b1d761d6026cacb9abdca2403
Author: shreya acharya <shreya_acharya@persistent.com>
Date:   Tue Feb 19 12:41:16 2019 +0530

    change 1 in file1.txt

commit dd14a34fac407344e134b728e0f901679a6e6791
Author: shreya acharya <shreya_acharya@persistent.com>
Date:   Tue Feb 19 12:36:07 2019 +0530

    req:843756:- file1.txt is created hello git

shreya_acharya@NG-JAVA-6 MINGW64 /h/gitdemo (master)
$ git log --oneline
ec9c953 change 2 in file1.txt
8245671 change 1 in file1.txt
dd14a34 req:843756:- file1.txt is created hello git

shreya_acharya@NG-JAVA-6 MINGW64 /h/gitdemo (master)
$ git log --oneline -2
ec9c953 change 2 in file1.txt
8245671 change 1 in file1.txt

shreya_acharya@NG-JAVA-6 MINGW64 /h/gitdemo (master)
$ git log --author="shreya" --oneline
ec9c953 change 2 in file1.txt
8245671 change 1 in file1.txt
dd14a34 req:843756:- file1.txt is created hello git

shreya_acharya@NG-JAVA-6 MINGW64 /h/gitdemo (master)
$

shreya_acharya@NG-JAVA-6 MINGW64 /h/gitdemo (master)
$ git log --since="02-18-2019" --oneline
ec9c953 change 2 in file1.txt
8245671 change 1 in file1.txt
dd14a34 req:843756:- file1.txt is created hello git

shreya_acharya@NG-JAVA-6 MINGW64 /h/gitdemo (master)
$ git log --since="02-19-2019" --oneline

shreya_acharya@NG-JAVA-6 MINGW64 /h/gitdemo (master)
$ git log --until="02-19-2019" --oneline
ec9c953 change 2 in file1.txt
8245671 change 1 in file1.txt
dd14a34 req:843756:- file1.txt is created hello git

shreya_acharya@NG-JAVA-6 MINGW64 /h/gitdemo (master)
$ git log --until="02-18-2019" --oneline

shreya_acharya@NG-JAVA-6 MINGW64 /h/gitdemo (master)
$ git log --greap="change"
fatal: unrecognized argument: --greap=change

shreya_acharya@NG-JAVA-6 MINGW64 /h/gitdemo (master)
$ git log --grep="change"
commit ec9c953f10d4339686ab6b139d74f50af2ad2be3
Author: shreya acharya <shreya_acharya@persistent.com>
Date:   Tue Feb 19 12:42:46 2019 +0530

    change 2 in file1.txt

commit 8245671e0ed9974b1d761d6026cacb9abdca2403
Author: shreya acharya <shreya_acharya@persistent.com>
Date:   Tue Feb 19 12:41:16 2019 +0530

    change 1 in file1.txt

shreya_acharya@NG-JAVA-6 MINGW64 /h/gitdemo (master)
$ git log --help

shreya_acharya@NG-JAVA-6 MINGW64 /h/gitdemo (master)
$ git log --oneline
ec9c953 change 2 in file1.txt
8245671 change 1 in file1.txt
dd14a34 req:843756:- file1.txt is created hello git

shreya_acharya@NG-JAVA-6 MINGW64 /h/gitdemo (master)
$ git checkout
M       file1.txt

